lwm    loads      stores
4LWM   813945482  16441351
8LWM   766148413  14914363
16LWM  433878684  9642064
20LWM  110418503  3419430
