hwm    loads      stores
4HWM   351482233  8212968
8HWM   769694146  14476408
16HWM  787647163  15929434
24HWM  810788389  16280852
