size      numUsrInsts  numUsrCycles
Dirtybit  41958035229  214648136461
8bytes    41935958179  214664418012
64bytes   41934143096  214862845519
128bytes  41986878210  214885181692
