size      numUsrInsts  numUsrCycles
Dirtybit  37030192893  213530239203
8bytes    36993004230  213739469238
64bytes   36986381561  213753468165
128bytes  36841973158  213751644665
