size      numUsrInsts  numUsrCycles
Dirtybit  57894889724  214427325164
8bytes    57959838762  214620239562
64bytes   57965855800  214662593964
128bytes  57979726807  214634856956
