size     numUsrInsts  numUsrCycles
vanilla  46597353150  180986424468
