size     numUsrInsts  numUsrCycles
vanilla  53273844171  183699079712
