size     numUsrInsts  numUsrCycles
vanilla  49474210645  183347189575
